// Jest Snapshot v1, https://goo.gl/fbAQLP

exports[` 1`] = `
<section>
  <button
    aria-controls="collapseExample"
    aria-expanded="false"
    className="btn btn-success"
    data-target="#tasks-list"
    data-toggle="collapse"
    type="button"
  >
    Tasks [
    1
    ]
  </button>
  <div>
    <br />
    <div
      className="mt-10 pt-20"
    >
      <div
        className="card p-2 mt-10"
      >
        <h5>
          A task added by you.
        </h5>
        <div
          className="card-body"
        >
          <p
            className="card-text"
          >
            TODO!
          </p>
        </div>
        <button
          className="btn btn-primary"
        >
          Edit
        </button>
      </div>
    </div>
  </div>
</section>
`;
